// Jest Snapshot v1, https://goo.gl/fbAQLP

exports[`Componente de transação de extrato snapshot do componente deve permanecer sempre o mesmo 1`] = `
<div
  class="transacao-container"
>
  <p>
    saque
  </p>
  <p>
    R$ 
    20.00
  </p>
  <p>
    09/09/2022
  </p>
</div>
`;
